
> @tekon/cli@0.26.1 test:e2e /Users/zesming/Projects/tekon/packages/cli
> pnpm --filter @tekon/core build && pnpm --filter @tekon/cli build && vitest --run .e2e.test


> @tekon/core@0.26.1 build /Users/zesming/Projects/tekon/packages/core
> tsc -p tsconfig.json


> @tekon/cli@0.26.1 build /Users/zesming/Projects/tekon/packages/cli
> tsc -p tsconfig.json && chmod +x dist/index.js


 RUN  v3.2.6 /Users/zesming/Projects/tekon/packages/cli

 ✓ __tests__/e2e/run-dry-run.e2e.test.ts (2 tests) 277ms
 ✓ __tests__/e2e/draft-agent.e2e.test.ts (6 tests) 433ms
 ✓ __tests__/e2e/provider-preflight.e2e.test.ts (4 tests) 833ms
 ✓ __tests__/e2e/run-command-binding.e2e.test.ts (2 tests) 2582ms
   ✓ R24 CLI 真进程命令绑定与历史观察 > 新受理持久化v3和有效命令，坏配置不阻止原requestId重放，status输出frozen  1366ms
   ✓ R24 CLI 真进程命令绑定与历史观察 > status区分历史v2、缺损admission及未知版本，并将解释留在stderr  1215ms
 ✓ __tests__/e2e/job-failure-exit.e2e.test.ts (2 tests) 3673ms
   ✓ CLI task failure exit status through a real process > returns non-zero when run job fails while the workflow remains running  1696ms
   ✓ CLI task failure exit status through a real process > returns non-zero when resume job fails while the workflow remains running  1977ms
 ✓ __tests__/e2e/resume-exit-confirmation.e2e.test.ts (3 tests) 4055ms
   ✓ R26 CLI recovery confirmation through a real process > requires identity-bound confirmation then resumes the same Run once (historical=false)  1600ms
   ✓ R26 CLI recovery confirmation through a real process > requires identity-bound confirmation then resumes the same Run once (historical=true)  1542ms
   ✓ R26 CLI recovery confirmation through a real process > does not let --approve-human record a decision when old exit is unknown  913ms
Request ID: 08dbd12c-bab0-443b-a8ee-0ebeab0f4457
Request ID: ebcccbe7-c262-4831-9b98-5f0cc2cf626a
Request ID: ced5d306-0010-4c31-b681-bd41bd565f71
Request ID: a5d9a44e-80e6-46c0-81d7-a60b734279fa
 ✓ __tests__/e2e/run-request-id.e2e.test.ts (10 tests) 8092ms
   ✓ CLI requestId 真进程合同 > 绝对路径中的symlink/..保持实际读取引用，不与词法折叠路径共用身份  994ms
   ✓ CLI requestId 真进程合同 > 二次查询才发现已受理身份时，恢复错误仍保留赢家的全部ID  933ms
   ✓ CLI requestId 真进程合同 > --draft-file 绑定 cwd 优先候选，删除后可重放，不同 cwd 同名文件冲突  1064ms
   ✓ CLI requestId 真进程合同 > --demand-file 绑定 cwd 优先候选，删除后可重放，不同 cwd 同名文件冲突  1047ms
   ✓ CLI requestId 真进程合同 > repo 后备读取的引用不随 cwd 候选后来出现而改变  905ms
   ✓ CLI requestId 真进程合同 > 相同绝对文件引用不因发起 cwd 改变而冲突  899ms
   ✓ CLI requestId 真进程合同 > 相同 requestId 重放同一 goal，仓库后来变脏也不创建新身份  1008ms
   ✓ CLI requestId 真进程合同 > 目录失败在run/status中可辨识，修复后复用原ID完成  1001ms
运行已处于终态 passed，无法恢复或审批：runId=run_4289a791-b060-4d3b-9bfd-633887283e57
CLEAN_SUSPENDED: tekon clean is suspended pending lifecycle-safe purge (see #33, #18)
正在分析需求正在分析需求 完成
Request ID: 5e4c9672-0649-4bae-ad57-d5add01308bc
需求草案已生成计划，必须先审批计划才能运行（tekon draft plan-approve）: /var/folders/6v/ctzbdw7d5p14q0hxnqw34d040000gn/T/tekon-cli-e2e-Pf35nN/.tekon/drafts/draft_shape_bff126e5-5f8f-45b3-ac87-62f862bbf974.json (requestId=5e4c9672-0649-4bae-ad57-d5add01308bc)
 ✓ __tests__/e2e/release-flow.e2e.test.ts (1 test) 11282ms
   ✓ tekon release flow e2e > executes init -> dynamic dry-run -> template run -> human approval -> delivery dry-run  11281ms
Request ID: a034e99b-7b2a-40f6-87cd-d149d28bcd49
正在分析需求正在分析需求 完成
Request ID: 3a607d4b-7f0f-4542-ad8b-b645cc0d3561
 ✓ __tests__/e2e/cli-flow.e2e.test.ts (3 tests) 19654ms
   ✓ tekon cli e2e > runs init -> bugfix mock -> status -> log -> clean against persisted state  10375ms
   ✓ tekon cli e2e > draft plan → plan-approve gates run; old draft without a plan still runs  8287ms
   ✓ tekon cli e2e > help command works without initialized repo and with initialized repo  991ms

 Test Files  9 passed (9)
      Tests  33 passed (33)
   Start at  14:44:26
   Duration  19.89s (transform 341ms, setup 0ms, collect 2.10s, tests 50.88s, environment 3ms, prepare 436ms)

