Independently checked promoted commit: e35069f7160d939a0f75100acb2afede48716918

$ npm test

> test
> node --test math.test.js

TAP version 13
# Subtest: adds positive numbers
ok 1 - adds positive numbers
  ---
  duration_ms: 0.483958
  type: 'test'
  ...
# Subtest: adds negative numbers
ok 2 - adds negative numbers
  ---
  duration_ms: 0.039583
  type: 'test'
  ...
# Subtest: handles zero
ok 3 - handles zero
  ---
  duration_ms: 0.031333
  type: 'test'
  ...
# Subtest: rejects non-finite inputs
ok 4 - rejects non-finite inputs
  ---
  duration_ms: 0.15675
  type: 'test'
  ...
1..4
# tests 4
# suites 0
# pass 4
# fail 0
# cancelled 0
# skipped 0
# todo 0
# duration_ms 60.250291

$ npm run build

> build
> node --check math.js


$ npm run lint

> lint
> node --check math.js

