
> @tekon/web@0.25.1 test:e2e /Users/zesming/Projects/tekon/packages/web
> vite build && playwright test

vite v7.3.5 building client environment for production...
transforming...
✓ 132 modules transformed.
rendering chunks...
computing gzip size...
dist/index.html                   0.40 kB │ gzip:   0.27 kB
dist/assets/index-DKvoiSha.css   41.89 kB │ gzip:   8.69 kB
dist/assets/index-D-OwQcLx.js   492.61 kB │ gzip: 147.72 kB
✓ built in 724ms

Running 202 tests using 1 worker

(node:41197) Warning: The 'NO_COLOR' env is ignored due to the 'FORCE_COLOR' env being set.
(Use `node --trace-warnings ...` to show where the warning was created)
(node:41197) Warning: The 'NO_COLOR' env is ignored due to the 'FORCE_COLOR' env being set.
(Use `node --trace-warnings ...` to show where the warning was created)

  ✓    1 [chromium] › __tests__/e2e/audit-evidence.e2e.test.ts:10:3 › evidence review-report artifact_1 opens and focuses its real content (824ms)

  ✓    2 [chromium] › __tests__/e2e/audit-evidence.e2e.test.ts:10:3 › evidence human gate_1 opens and focuses its real content (802ms)

  ✓    3 [chromium] › __tests__/e2e/audit-evidence.e2e.test.ts:10:3 › evidence PR body opens and focuses its real content (634ms)

  ✓    4 [chromium] › __tests__/e2e/audit-evidence.e2e.test.ts:10:3 › evidence PR package opens and focuses its real content (612ms)

  ✓    5 [chromium] › __tests__/e2e/audit-evidence.e2e.test.ts:10:3 › evidence Delivery diff opens and focuses its real content (680ms)

  ✓    6 [chromium] › __tests__/e2e/audit-evidence.e2e.test.ts:35:3 › missing evidence artifacts?artifact=missing gives visible feedback (511ms)

  ✓    7 [chromium] › __tests__/e2e/audit-evidence.e2e.test.ts:35:3 › missing evidence gates?gate=missing gives visible feedback (564ms)

  ✓    8 [chromium] › __tests__/e2e/audit-evidence.e2e.test.ts:35:3 › missing evidence delivery?section=missing gives visible feedback (464ms)

  ✓    9 [chromium] › __tests__/e2e/audit-evidence.e2e.test.ts:48:3 › artifact preview missing is explicit (495ms)

  ✓   10 [chromium] › __tests__/e2e/audit-evidence.e2e.test.ts:48:3 › gate preview missing is explicit (588ms)

  ✓   11 [chromium] › __tests__/e2e/audit-evidence.e2e.test.ts:48:3 › gate preview none is explicit (590ms)

  ✓   12 [chromium] › __tests__/e2e/audit-evidence.e2e.test.ts:48:3 › artifact preview error is explicit (465ms)

  ✓   13 [chromium] › __tests__/e2e/audit-evidence.e2e.test.ts:48:3 › gate preview error is explicit (418ms)

  ✓   14 [chromium] › __tests__/e2e/audit-evidence.e2e.test.ts:65:1 › artifact target hidden by filters can be revealed (824ms)

  ✓   15 [chromium] › __tests__/e2e/audit-evidence.e2e.test.ts:75:1 › approval evidence opens the exact audit event in the authenticated tab (706ms)

  ✓   16 [chromium] › __tests__/e2e/audit-evidence.e2e.test.ts:93:1 › audit target reports missing events and preserves RPC error feedback (608ms)

  ✓   17 [chromium] › __tests__/e2e/audit-evidence.e2e.test.ts:107:1 › audit target hidden by filters is explained and can be revealed (1.3s)

  ✓   18 [chromium] › __tests__/e2e/audit-evidence.e2e.test.ts:122:1 › long audit event types remain inside the selected evidence row (1.5s)

  ✓   19 [chromium] › __tests__/e2e/audit-evidence.e2e.test.ts:144:1 › same-document target changes refocus while unchanged targets keep keyboard focus (756ms)

  ✓   20 [chromium] › __tests__/e2e/config-detail-dialog-a11y.test.ts:4:3 › Config detail dialog accessibility (P1-A11Y-01 / P2-UX-01) › RoleDetailPanel has aria-modal, aria-labelledby, traps Tab focus, closes on Escape, and restores focus (878ms)

  ✓   21 [chromium] › __tests__/e2e/config-detail-dialog-a11y.test.ts:59:3 › Config detail dialog accessibility (P1-A11Y-01 / P2-UX-01) › WorkflowDetailPanel has aria-modal, aria-labelledby, traps Tab focus, and closes on backdrop click (1.2s)

  ✓   22 [chromium] › __tests__/e2e/config-eval-demand.test.ts:6:3 › Config, Eval, and Demand pages › config page loads with Roles, Workflows, and Constraints tabs (1.1s)

  ✓   23 [chromium] › __tests__/e2e/config-eval-demand.test.ts:38:3 › Config, Eval, and Demand pages › eval page loads with Readiness, Demand Shape, Approval Summary, and Workflow Selection tabs (1.7s)

  ✓   24 [chromium] › __tests__/e2e/config-eval-demand.test.ts:75:3 › Config, Eval, and Demand pages › demand page loads (1.4s)

  ✘   25 [chromium] › __tests__/e2e/create-pr-approval.test.ts:179:3 › Create PR requires explicit confirmation › fake gh is only invoked after explicit confirmation, never before (26.8s)
(node:70935) Warning: The 'NO_COLOR' env is ignored due to the 'FORCE_COLOR' env being set.
(Use `node --trace-warnings ...` to show where the warning was created)
(node:70935) Warning: The 'NO_COLOR' env is ignored due to the 'FORCE_COLOR' env being set.
(Use `node --trace-warnings ...` to show where the warning was created)

  ✘   26 [chromium] › __tests__/e2e/create-pr-approval.test.ts:179:3 › Create PR requires explicit confirmation › fake gh is only invoked after explicit confirmation, never before (retry #1) (27.7s)
(node:43056) Warning: The 'NO_COLOR' env is ignored due to the 'FORCE_COLOR' env being set.
(Use `node --trace-warnings ...` to show where the warning was created)
(node:43056) Warning: The 'NO_COLOR' env is ignored due to the 'FORCE_COLOR' env being set.
(Use `node --trace-warnings ...` to show where the warning was created)

  ✓   27 [chromium] › __tests__/e2e/dashboard-surfaces.e2e.test.ts:6:3 › Dashboard surfaces at 320px retain content and control geometry (2.4s)

  ✓   28 [chromium] › __tests__/e2e/dashboard-surfaces.e2e.test.ts:6:3 › Dashboard surfaces at 390px retain content and control geometry (2.1s)

  ✓   29 [chromium] › __tests__/e2e/dashboard-surfaces.e2e.test.ts:6:3 › Dashboard surfaces at 600px retain content and control geometry (2.3s)

  ✓   30 [chromium] › __tests__/e2e/dashboard-surfaces.e2e.test.ts:6:3 › Dashboard surfaces at 601px retain content and control geometry (2.0s)

  ✓   31 [chromium] › __tests__/e2e/dashboard-surfaces.e2e.test.ts:6:3 › Dashboard surfaces at 768px retain content and control geometry (2.1s)

  ✓   32 [chromium] › __tests__/e2e/dashboard-surfaces.e2e.test.ts:6:3 › Dashboard surfaces at 769px retain content and control geometry (2.2s)

  ✓   33 [chromium] › __tests__/e2e/dashboard-surfaces.e2e.test.ts:6:3 › Dashboard surfaces at 1440px retain content and control geometry (2.1s)

  ✓   34 [chromium] › __tests__/e2e/dashboard.test.ts:5:3 › Tekon main flow › dashboard, run list, run detail tabs, approvals, and authenticated operations (2.0s)

  ✓   35 [chromium] › __tests__/e2e/event-feed-boundary.test.ts:5:1 › EventFeed renders narrative and provides technical event controls (492ms)

  ✓   36 [chromium] › __tests__/e2e/mobile-drawer-accessibility.test.ts:9:3 › mobile navigation accessibility › drawer is modal, traps focus, and restores focus on every close path (1.9s)

  ✓   37 [chromium] › __tests__/e2e/mobile-drawer-accessibility.test.ts:95:3 › mobile navigation accessibility › widening the viewport clears a stale mobile drawer state (548ms)

  ✓   38 [chromium] › __tests__/e2e/mobile-layout.test.ts:70:3 › mobile layout (390px) › sessions, session-detail, and an advanced page never overflow horizontally (5.9s)

  ✓   39 [chromium] › __tests__/e2e/mobile-layout.test.ts:107:3 › mobile layout (390px) › the sidebar is an off-canvas drawer toggled by an accessible hamburger (1.7s)

  ✓   40 [chromium] › __tests__/e2e/mobile-layout.test.ts:166:3 › desktop layout (1440px) — no regression › the persistent sidebar stays put and no hamburger appears (319ms)

  ✓   41 [chromium] › __tests__/e2e/prod-bootstrap-history.test.ts:7:1 › stripping a bootstrap fragment preserves current router history state (328ms)

  ✓   42 [chromium] › __tests__/e2e/prod-bootstrap-history.test.ts:44:1 › manual token fallback authenticates the first request for the new scope (419ms)

  ✓   43 [chromium] › __tests__/e2e/prod-bootstrap.test.ts:11:1 › first paint authenticates from the #token fragment (no manual paste) (305ms)

  ✓   44 [chromium] › __tests__/e2e/prod-bootstrap.test.ts:54:1 › the session survives a refresh via sessionStorage (336ms)

  ✓   45 [chromium] › __tests__/e2e/prod-bootstrap.test.ts:92:1 › the token is never sent to the server in a request URL or Referer (308ms)

  ✓   46 [chromium] › __tests__/e2e/prod-bootstrap.test.ts:123:1 › an already-open tab accepts a fresh #token fragment without reloading (724ms)

  ✓   47 [chromium] › __tests__/e2e/r23-responsive-admission.e2e.test.ts:278:5 › R23 admission evidence 320px › TopBar provider error, prior check time and retry remain readable and reachable (769ms)

  ✓   48 [chromium] › __tests__/e2e/r23-responsive-admission.e2e.test.ts:338:5 › R23 admission evidence 320px › simple unknown and advanced recovery records fit without hiding recovery actions (2.1s)

  ✓   49 [chromium] › __tests__/e2e/r23-responsive-admission.e2e.test.ts:444:5 › R23 admission evidence 320px › Session and Run unready and error details preserve readable guidance and reachable retry (1.9s)

  ✓   50 [chromium] › __tests__/e2e/r23-responsive-admission.e2e.test.ts:278:5 › R23 admission evidence 390px › TopBar provider error, prior check time and retry remain readable and reachable (803ms)

  ✓   51 [chromium] › __tests__/e2e/r23-responsive-admission.e2e.test.ts:338:5 › R23 admission evidence 390px › simple unknown and advanced recovery records fit without hiding recovery actions (2.0s)

  ✓   52 [chromium] › __tests__/e2e/r23-responsive-admission.e2e.test.ts:444:5 › R23 admission evidence 390px › Session and Run unready and error details preserve readable guidance and reachable retry (2.0s)

  ✓   53 [chromium] › __tests__/e2e/r23-responsive-admission.e2e.test.ts:278:5 › R23 admission evidence 700px › TopBar provider error, prior check time and retry remain readable and reachable (744ms)

  ✓   54 [chromium] › __tests__/e2e/r23-responsive-admission.e2e.test.ts:338:5 › R23 admission evidence 700px › simple unknown and advanced recovery records fit without hiding recovery actions (2.1s)

  ✓   55 [chromium] › __tests__/e2e/r23-responsive-admission.e2e.test.ts:444:5 › R23 admission evidence 700px › Session and Run unready and error details preserve readable guidance and reachable retry (1.9s)

  ✓   56 [chromium] › __tests__/e2e/r23-responsive-admission.e2e.test.ts:278:5 › R23 admission evidence 1440px › TopBar provider error, prior check time and retry remain readable and reachable (753ms)

  ✓   57 [chromium] › __tests__/e2e/r23-responsive-admission.e2e.test.ts:338:5 › R23 admission evidence 1440px › simple unknown and advanced recovery records fit without hiding recovery actions (2.1s)

  ✓   58 [chromium] › __tests__/e2e/r23-responsive-admission.e2e.test.ts:444:5 › R23 admission evidence 1440px › Session and Run unready and error details preserve readable guidance and reachable retry (2.0s)

  ✓   59 [chromium] › __tests__/e2e/r24-admission-files-state.e2e.test.ts:4:3 › simple: POST pending and GET directory states remain distinct after ledger reload (1.1s)

  ✓   60 [chromium] › __tests__/e2e/r24-admission-files-state.e2e.test.ts:44:3 › simple: an unknown request and a not-found lookup never claim accepted directory preparation (769ms)

  ✓   61 [chromium] › __tests__/e2e/r24-admission-files-state.e2e.test.ts:4:3 › advanced: POST pending and GET directory states remain distinct after ledger reload (1.2s)

  ✓   62 [chromium] › __tests__/e2e/r24-admission-files-state.e2e.test.ts:44:3 › advanced: an unknown request and a not-found lookup never claim accepted directory preparation (745ms)

  ✓   63 [chromium] › __tests__/e2e/r24-execution-binding.e2e.test.ts:7:3 › R24 320px: Run and Session retain accepted recovery and explain historical binding (463ms)

  ✓   64 [chromium] › __tests__/e2e/r24-execution-binding.e2e.test.ts:7:3 › R24 390px: Run and Session retain accepted recovery and explain historical binding (443ms)

  ✓   65 [chromium] › __tests__/e2e/r24-execution-binding.e2e.test.ts:7:3 › R24 700px: Run and Session retain accepted recovery and explain historical binding (476ms)

  ✓   66 [chromium] › __tests__/e2e/r24-execution-binding.e2e.test.ts:7:3 › R24 1440px: Run and Session retain accepted recovery and explain historical binding (461ms)

  ✓   67 [chromium] › __tests__/e2e/r24-plan-bindings.e2e.test.ts:4:3 › simple: refresh preserves the previous plan through loading and requires explicit submission (774ms)

  ✓   68 [chromium] › __tests__/e2e/r24-plan-bindings.e2e.test.ts:4:3 › advanced: refresh preserves the previous plan through loading and requires explicit submission (795ms)

  ✓   69 [chromium] › __tests__/e2e/r24-plan-bindings.e2e.test.ts:63:3 › R24 320px: both entry previews expose actual Gate behavior without clipped controls (1.4s)

  ✓   70 [chromium] › __tests__/e2e/r24-plan-bindings.e2e.test.ts:63:3 › R24 390px: both entry previews expose actual Gate behavior without clipped controls (1.3s)

  ✓   71 [chromium] › __tests__/e2e/r24-plan-bindings.e2e.test.ts:63:3 › R24 700px: both entry previews expose actual Gate behavior without clipped controls (1.4s)

  ✓   72 [chromium] › __tests__/e2e/r24-plan-bindings.e2e.test.ts:63:3 › R24 1440px: both entry previews expose actual Gate behavior without clipped controls (1.3s)

  ✓   73 [chromium] › __tests__/e2e/r24-query-observation.e2e.test.ts:195:1 › R24：真实 Workspace 流断开期间发生变更，重连后没有下一事件也追平列表 (1.2s)

  ✓   74 [chromium] › __tests__/e2e/r24-query-observation.e2e.test.ts:278:3 › R24：另一入口 decided 时仍有待审批，Session 卡片自动反映 Gate 事实 (557ms)

  ✓   75 [chromium] › __tests__/e2e/r24-query-observation.e2e.test.ts:278:3 › R24：另一入口 requested 时仍有待审批，Session 卡片自动反映 Gate 事实 (1.4s)

  ✓   76 [chromium] › __tests__/e2e/r24-query-observation.e2e.test.ts:363:3 › R24：列表查询在途时迟到成功，丢弃旧发布并自动取得新事实 (2.4s)

  ✓   77 [chromium] › __tests__/e2e/r24-query-observation.e2e.test.ts:363:3 › R24：列表查询在途时迟到 500，丢弃旧发布并自动取得新事实 (2.5s)

  ✓   78 [chromium] › __tests__/e2e/r24-query-observation.e2e.test.ts:363:3 › R24：列表查询在途时多次 SSE 失效合并，丢弃旧发布并自动取得新事实 (4.5s)

  ✓   79 [chromium] › __tests__/e2e/r24-query-observation.e2e.test.ts:363:3 › R24：列表查询在途时离开并重新挂载，丢弃旧发布并自动取得新事实 (2.7s)

  ✓   80 [chromium] › __tests__/e2e/r25-react-navigation.e2e.test.ts:32:5 › 真实 React deferred navigation none → resolve keeps current form ownership (1.1s)

  ✓   81 [chromium] › __tests__/e2e/r25-react-navigation.e2e.test.ts:32:5 › 真实 React deferred navigation none → reject keeps current form ownership (941ms)

  ✓   82 [chromium] › __tests__/e2e/r25-react-navigation.e2e.test.ts:32:5 › 真实 React deferred navigation edit-cycle → resolve keeps current form ownership (955ms)

  ✓   83 [chromium] › __tests__/e2e/r25-react-navigation.e2e.test.ts:32:5 › 真实 React deferred navigation edit-cycle → reject keeps current form ownership (1.0s)

  ✓   84 [chromium] › __tests__/e2e/r25-react-navigation.e2e.test.ts:32:5 › 真实 React deferred navigation new-intent → resolve keeps current form ownership (995ms)

  ✓   85 [chromium] › __tests__/e2e/r25-react-navigation.e2e.test.ts:32:5 › 真实 React deferred navigation new-intent → reject keeps current form ownership (1.1s)

  ✓   86 [chromium] › __tests__/e2e/r25-react-navigation.e2e.test.ts:32:5 › 真实 React deferred navigation token-cycle → resolve keeps current form ownership (1.0s)

  ✓   87 [chromium] › __tests__/e2e/r25-react-navigation.e2e.test.ts:32:5 › 真实 React deferred navigation token-cycle → reject keeps current form ownership (1.0s)

  ✓   88 [chromium] › __tests__/e2e/r25-react-navigation.e2e.test.ts:32:5 › 真实 React deferred navigation unmount → resolve keeps current form ownership (987ms)

  ✓   89 [chromium] › __tests__/e2e/r25-react-navigation.e2e.test.ts:32:5 › 真实 React deferred navigation unmount → reject keeps current form ownership (1.1s)

  ✓   90 [chromium] › __tests__/e2e/r25-receipt-io.e2e.test.ts:17:5 › simple: real accepted POST survives local removeItem (4.6s)

  ✓   91 [chromium] › __tests__/e2e/r25-receipt-io.e2e.test.ts:17:5 › simple: real accepted POST survives local getItem (4.5s)

  ✓   92 [chromium] › __tests__/e2e/r25-receipt-io.e2e.test.ts:17:5 › simple: real accepted POST survives local setItem with another unknown (4.6s)

  ✓   93 [chromium] › __tests__/e2e/r25-receipt-io.e2e.test.ts:17:5 › simple: real recovery-required POST survives local setItem (1.1s)

  ✓   94 [chromium] › __tests__/e2e/r25-receipt-io.e2e.test.ts:17:5 › simple: real recovery-required POST survives local getItem (821ms)

  ✓   95 [chromium] › __tests__/e2e/r25-receipt-io.e2e.test.ts:80:5 › simple: real accepted lookup keeps its identity when local ledger I/O fails (4.8s)

  ✓   96 [chromium] › __tests__/e2e/r25-receipt-io.e2e.test.ts:113:5 › simple: real accepted lookup wins over a later failure of the original POST (4.6s)

  ✓   97 [chromium] › __tests__/e2e/r25-receipt-io.e2e.test.ts:80:5 › simple: real recovery-required lookup keeps its identity when local ledger I/O fails (853ms)

  ✓   98 [chromium] › __tests__/e2e/r25-receipt-io.e2e.test.ts:113:5 › simple: real recovery-required lookup wins over a later failure of the original POST (833ms)

  ✓   99 [chromium] › __tests__/e2e/r25-receipt-io.e2e.test.ts:143:3 › simple: directory recovery retains one Run through pre-dispatch storage failure, retry disconnect and successful replay (1.1s)

  ✓  100 [chromium] › __tests__/e2e/r25-receipt-io.e2e.test.ts:209:3 › simple: an actual old not-found lookup cannot erase a later directory-recovery POST receipt (1.1s)

  ✓  101 [chromium] › __tests__/e2e/r25-receipt-io.e2e.test.ts:17:5 › advanced: real accepted POST survives local removeItem (4.6s)

  ✓  102 [chromium] › __tests__/e2e/r25-receipt-io.e2e.test.ts:17:5 › advanced: real accepted POST survives local getItem (4.6s)

  ✓  103 [chromium] › __tests__/e2e/r25-receipt-io.e2e.test.ts:17:5 › advanced: real accepted POST survives local setItem with another unknown (4.9s)

  ✓  104 [chromium] › __tests__/e2e/r25-receipt-io.e2e.test.ts:17:5 › advanced: real recovery-required POST survives local setItem (1.2s)

  ✓  105 [chromium] › __tests__/e2e/r25-receipt-io.e2e.test.ts:17:5 › advanced: real recovery-required POST survives local getItem (874ms)

  ✓  106 [chromium] › __tests__/e2e/r25-receipt-io.e2e.test.ts:80:5 › advanced: real accepted lookup keeps its identity when local ledger I/O fails (4.7s)

  ✓  107 [chromium] › __tests__/e2e/r25-receipt-io.e2e.test.ts:113:5 › advanced: real accepted lookup wins over a later failure of the original POST (4.8s)

  ✓  108 [chromium] › __tests__/e2e/r25-receipt-io.e2e.test.ts:80:5 › advanced: real recovery-required lookup keeps its identity when local ledger I/O fails (972ms)

  ✓  109 [chromium] › __tests__/e2e/r25-receipt-io.e2e.test.ts:113:5 › advanced: real recovery-required lookup wins over a later failure of the original POST (952ms)

  ✓  110 [chromium] › __tests__/e2e/r25-receipt-io.e2e.test.ts:143:3 › advanced: directory recovery retains one Run through pre-dispatch storage failure, retry disconnect and successful replay (5.1s)

  ✓  111 [chromium] › __tests__/e2e/r25-receipt-io.e2e.test.ts:209:3 › advanced: an actual old not-found lookup cannot erase a later directory-recovery POST receipt (1.1s)

  ✓  112 [chromium] › __tests__/e2e/r25-receipt-navigation.e2e.test.ts:12:1 › default entry consumes a real Data Router navigation rejection and opens the original Session on retry (4.6s)

  ✓  113 [chromium] › __tests__/e2e/r25-receipt-responsive.e2e.test.ts:10:7 › R25 320px simple: accepted local warning coexists with a long unknown request (6.8s)

  ✓  114 [chromium] › __tests__/e2e/r25-receipt-responsive.e2e.test.ts:10:7 › R25 320px simple: recovery-required local warning coexists with a long unknown request (2.4s)

  ✓  115 [chromium] › __tests__/e2e/r25-receipt-responsive.e2e.test.ts:10:7 › R25 320px advanced: accepted local warning coexists with a long unknown request (6.8s)

  ✓  116 [chromium] › __tests__/e2e/r25-receipt-responsive.e2e.test.ts:10:7 › R25 320px advanced: recovery-required local warning coexists with a long unknown request (2.7s)

  ✓  117 [chromium] › __tests__/e2e/r25-receipt-responsive.e2e.test.ts:10:7 › R25 390px simple: accepted local warning coexists with a long unknown request (6.8s)

  ✓  118 [chromium] › __tests__/e2e/r25-receipt-responsive.e2e.test.ts:10:7 › R25 390px simple: recovery-required local warning coexists with a long unknown request (2.4s)

  ✓  119 [chromium] › __tests__/e2e/r25-receipt-responsive.e2e.test.ts:10:7 › R25 390px advanced: accepted local warning coexists with a long unknown request (6.8s)

  ✓  120 [chromium] › __tests__/e2e/r25-receipt-responsive.e2e.test.ts:10:7 › R25 390px advanced: recovery-required local warning coexists with a long unknown request (2.7s)

  ✓  121 [chromium] › __tests__/e2e/r25-receipt-responsive.e2e.test.ts:10:7 › R25 700px simple: accepted local warning coexists with a long unknown request (6.7s)

  ✓  122 [chromium] › __tests__/e2e/r25-receipt-responsive.e2e.test.ts:10:7 › R25 700px simple: recovery-required local warning coexists with a long unknown request (2.3s)

  ✓  123 [chromium] › __tests__/e2e/r25-receipt-responsive.e2e.test.ts:10:7 › R25 700px advanced: accepted local warning coexists with a long unknown request (6.9s)

  ✓  124 [chromium] › __tests__/e2e/r25-receipt-responsive.e2e.test.ts:10:7 › R25 700px advanced: recovery-required local warning coexists with a long unknown request (2.7s)

  ✓  125 [chromium] › __tests__/e2e/r25-receipt-responsive.e2e.test.ts:10:7 › R25 1440px simple: accepted local warning coexists with a long unknown request (7.0s)

  ✓  126 [chromium] › __tests__/e2e/r25-receipt-responsive.e2e.test.ts:10:7 › R25 1440px simple: recovery-required local warning coexists with a long unknown request (2.4s)

  ✓  127 [chromium] › __tests__/e2e/r25-receipt-responsive.e2e.test.ts:10:7 › R25 1440px advanced: accepted local warning coexists with a long unknown request (7.1s)

  ✓  128 [chromium] › __tests__/e2e/r25-receipt-responsive.e2e.test.ts:10:7 › R25 1440px advanced: recovery-required local warning coexists with a long unknown request (2.8s)

  ✓  129 [chromium] › __tests__/e2e/r26-run-recovery.e2e.test.ts:65:3 › R26 320px: two-step keyboard cancel, failed delivery, reload and same-run retry (946ms)

  ✓  130 [chromium] › __tests__/e2e/r26-run-recovery.e2e.test.ts:116:3 › R26 320px: explicit old-job recovery confirmation with keyboard (487ms)

  ✓  131 [chromium] › __tests__/e2e/r26-run-recovery.e2e.test.ts:65:3 › R26 390px: two-step keyboard cancel, failed delivery, reload and same-run retry (957ms)

  ✓  132 [chromium] › __tests__/e2e/r26-run-recovery.e2e.test.ts:116:3 › R26 390px: explicit old-job recovery confirmation with keyboard (492ms)

  ✓  133 [chromium] › __tests__/e2e/r26-run-recovery.e2e.test.ts:65:3 › R26 768px: two-step keyboard cancel, failed delivery, reload and same-run retry (905ms)

  ✓  134 [chromium] › __tests__/e2e/r26-run-recovery.e2e.test.ts:116:3 › R26 768px: explicit old-job recovery confirmation with keyboard (523ms)

  ✓  135 [chromium] › __tests__/e2e/r26-run-recovery.e2e.test.ts:65:3 › R26 1440px: two-step keyboard cancel, failed delivery, reload and same-run retry (981ms)

  ✓  136 [chromium] › __tests__/e2e/r26-run-recovery.e2e.test.ts:116:3 › R26 1440px: explicit old-job recovery confirmation with keyboard (523ms)

  ✓  137 [chromium] › __tests__/e2e/r26-run-recovery.e2e.test.ts:139:3 › R26 cancellation race preserves passed (731ms)

  ✓  138 [chromium] › __tests__/e2e/r26-run-recovery.e2e.test.ts:139:3 › R26 cancellation race preserves failed (780ms)

  ✓  139 [chromium] › __tests__/e2e/r26-run-recovery.e2e.test.ts:152:3 › R26 320px: Session refresh preserves cancelled recovery and approval partial success stays explicit (2.7s)

  ✓  140 [chromium] › __tests__/e2e/r26-run-recovery.e2e.test.ts:152:3 › R26 390px: Session refresh preserves cancelled recovery and approval partial success stays explicit (2.7s)

  ✓  141 [chromium] › __tests__/e2e/r26-run-recovery.e2e.test.ts:152:3 › R26 768px: Session refresh preserves cancelled recovery and approval partial success stays explicit (2.7s)

  ✓  142 [chromium] › __tests__/e2e/r26-run-recovery.e2e.test.ts:152:3 › R26 1440px: Session refresh preserves cancelled recovery and approval partial success stays explicit (2.0s)

  ✓  143 [chromium] › __tests__/e2e/r26-run-recovery.e2e.test.ts:216:1 › R26 narrow approval metadata keeps commands readable (458ms)

  ✓  144 [chromium] › __tests__/e2e/r26-run-recovery.e2e.test.ts:235:1 › R26 desktop Session approval metadata uses the rail width while the approval page keeps three columns (564ms)

  ✓  145 [chromium] › __tests__/e2e/r27-control-feedback.e2e.test.ts:63:3 › R27 320px pause/resume receipts and authoritative refresh (1.4s)

  ✓  146 [chromium] › __tests__/e2e/r27-control-feedback.e2e.test.ts:63:3 › R27 390px pause/resume receipts and authoritative refresh (1.3s)

  ✓  147 [chromium] › __tests__/e2e/r27-control-feedback.e2e.test.ts:63:3 › R27 768px pause/resume receipts and authoritative refresh (1.3s)

  ✓  148 [chromium] › __tests__/e2e/r27-control-feedback.e2e.test.ts:63:3 › R27 1440px pause/resume receipts and authoritative refresh (1.4s)

  ✓  149 [chromium] › __tests__/e2e/r27-control-feedback.e2e.test.ts:99:3 › R27 pause error remains visible and can retry (1.2s)

  ✓  150 [chromium] › __tests__/e2e/r27-control-feedback.e2e.test.ts:118:5 › R27 pause receipt respects concurrent passed (1.0s)

  ✓  151 [chromium] › __tests__/e2e/r27-control-feedback.e2e.test.ts:118:5 › R27 pause receipt respects concurrent failed (1.1s)

  ✓  152 [chromium] › __tests__/e2e/r27-control-feedback.e2e.test.ts:118:5 › R27 pause receipt respects concurrent cancelled (1.6s)

  ✓  153 [chromium] › __tests__/e2e/r27-control-feedback.e2e.test.ts:99:3 › R27 resume error remains visible and can retry (1.7s)

  ✓  154 [chromium] › __tests__/e2e/r27-control-feedback.e2e.test.ts:118:5 › R27 resume receipt respects concurrent passed (1.1s)

  ✓  155 [chromium] › __tests__/e2e/r27-control-feedback.e2e.test.ts:118:5 › R27 resume receipt respects concurrent failed (1.6s)

  ✓  156 [chromium] › __tests__/e2e/r27-control-feedback.e2e.test.ts:118:5 › R27 resume receipt respects concurrent cancelled (1.1s)

  ✓  157 [chromium] › __tests__/e2e/release-dashboard.test.ts:5:3 › Tekon release dashboard › delivery pipeline display, PR preparation, and desktop screenshot (569ms)

  ✓  158 [chromium] › __tests__/e2e/responsive-run-surfaces.e2e.test.ts:308:5 › run surfaces at 320px › keep default and advanced controls readable and within the viewport (878ms)

  ✓  159 [chromium] › __tests__/e2e/responsive-run-surfaces.e2e.test.ts:308:5 › run surfaces at 390px › keep default and advanced controls readable and within the viewport (855ms)

  ✓  160 [chromium] › __tests__/e2e/responsive-run-surfaces.e2e.test.ts:308:5 › run surfaces at 700px › keep default and advanced controls readable and within the viewport (735ms)

  ✓  161 [chromium] › __tests__/e2e/responsive-run-surfaces.e2e.test.ts:308:5 › run surfaces at 1440px › keep default and advanced controls readable and within the viewport (786ms)

  ✓  162 [chromium] › __tests__/e2e/run-admission-recovery.e2e.test.ts:11:3 › persisted opening SSE cannot enable controls before a delayed snapshot then pending→ready (5.6s)

  ✓  163 [chromium] › __tests__/e2e/run-admission-recovery.e2e.test.ts:11:3 › persisted opening SSE cannot enable controls before a 500 snapshot then pending→ready (6.0s)

  ✓  164 [chromium] › __tests__/e2e/run-admission-recovery.e2e.test.ts:114:3 › simple: losing an accepted response retries the same durable Run (1.0s)

  ✓  165 [chromium] › __tests__/e2e/run-admission-recovery.e2e.test.ts:161:3 › simple: unknown admission survives reload, not-found and same-content retry (1.2s)

  ✓  166 [chromium] › __tests__/e2e/run-admission-recovery.e2e.test.ts:221:3 › simple: editing or token rotation while intent preparation waits cannot dispatch the captured payload (735ms)

  ✓  167 [chromium] › __tests__/e2e/run-admission-recovery.e2e.test.ts:279:3 › simple: expired plans require explicit refresh and another submit (856ms)

  ✓  168 [chromium] › __tests__/e2e/run-admission-recovery.e2e.test.ts:114:3 › advanced: losing an accepted response retries the same durable Run (1.0s)

  ✓  169 [chromium] › __tests__/e2e/run-admission-recovery.e2e.test.ts:161:3 › advanced: unknown admission survives reload, not-found and same-content retry (1.3s)

  ✓  170 [chromium] › __tests__/e2e/run-admission-recovery.e2e.test.ts:221:3 › advanced: editing or token rotation while intent preparation waits cannot dispatch the captured payload (824ms)

  ✓  171 [chromium] › __tests__/e2e/run-admission-recovery.e2e.test.ts:279:3 › advanced: expired plans require explicit refresh and another submit (919ms)

  ✓  172 [chromium] › __tests__/e2e/run-admission-recovery.e2e.test.ts:329:1 › sessionStorage write failure prevents dispatch instead of falling back to memory (638ms)

  ✓  173 [chromium] › __tests__/e2e/run-admission-recovery.e2e.test.ts:355:1 › recovery-required sessions show their unready state in list and detail (673ms)

  ✓  174 [chromium] › __tests__/e2e/run-tab-content.test.ts:4:3 › Run detail tab content › overview tab shows run header and basic info (354ms)

  ✓  175 [chromium] › __tests__/e2e/run-tab-content.test.ts:14:3 › Run detail tab content › artifacts tab shows artifact list (337ms)

  ✓  176 [chromium] › __tests__/e2e/run-tab-content.test.ts:27:3 › Run detail tab content › gates tab shows gate results (388ms)

  ✓  177 [chromium] › __tests__/e2e/run-tab-content.test.ts:36:3 › Run detail tab content › audit tab shows audit events (341ms)

  ✓  178 [chromium] › __tests__/e2e/run-tab-content.test.ts:47:3 › Run detail tab content › progress tab loads without errors (340ms)

  ✓  179 [chromium] › __tests__/e2e/run-tab-content.test.ts:55:3 › Run detail tab content › run detail page shows error for non-existent run (266ms)

  ✓  180 [chromium] › __tests__/e2e/session-acknowledge-ui.e2e.test.ts:12:1 › acknowledging a failed session clears its action badge and sinks it down (651ms)

  ✓  181 [chromium] › __tests__/e2e/session-approval.test.ts:78:1 › inline approval: approve a pending human decision from the session UI (2.1s)

  ✓  182 [chromium] › __tests__/e2e/session-composer-admission.e2e.test.ts:5:3 › Session Composer Admission & Single Submit › default Session composer synchronously blocks duplicate Run creation (1.1s)

  ✓  183 [chromium] › __tests__/e2e/session-composer-admission.e2e.test.ts:62:3 › Session Composer Admission & Single Submit › releases submission latch on project.run failure and succeeds on subsequent retry (1.0s)

  ✓  184 [chromium] › __tests__/e2e/session-composer-admission.e2e.test.ts:134:3 › Session Composer Admission & Single Submit › renders retry button when plan digest is missing and recovers on retry (658ms)

  ✓  185 [chromium] › __tests__/e2e/session-feed.test.ts:79:1 › Session Detail streams the event feed and reaches a live connection (4.8s)

  ✓  186 [chromium] › __tests__/e2e/session-feed.test.ts:149:1 › Sessions list shows the started session and links to its detail (4.9s)

  ✓  187 [chromium] › __tests__/e2e/session-routing.test.ts:8:1 › default route is the Session UI with a run plan; legacy Cockpit lives at /advanced (459ms)

  ✓  188 [chromium] › __tests__/e2e/session-truncation-banner.test.ts:8:1 › Session view shows a dismissible truncation notice on replay-truncated (4.4s)

  ✓  189 [chromium] › __tests__/e2e/shared-fixture-auth-lock.test.ts:8:1 › a deep-route launch authenticates from the injected token fragment when sessionStorage is empty (354ms)

  ✓  190 [chromium] › __tests__/e2e/start-run-admission.e2e.test.ts:12:3 › Advanced Run Admission & Single Submit › empty demand initially keeps submit button disabled without warning, enables after filling (685ms)

  ✓  191 [chromium] › __tests__/e2e/start-run-admission.e2e.test.ts:39:3 › Advanced Run Admission & Single Submit › single-submit: blocks duplicate concurrent submission via latch when double-clicked (1.5s)

  ✓  192 [chromium] › __tests__/e2e/start-run-admission.e2e.test.ts:103:3 › Advanced Run Admission & Single Submit › mutation failure release: failed first attempt displays error and frees latch, subsequent attempt succeeds (801ms)

  ✓  193 [chromium] › __tests__/e2e/start-run-admission.e2e.test.ts:173:3 › Advanced Run Admission & Single Submit › draft with unapproved plan keeps submit button disabled and shows unapproved plan warning (317ms)

  ✓  194 [chromium] › __tests__/e2e/start-run-admission.e2e.test.ts:260:3 › Advanced Run Admission & Single Submit › mobile widths: keep run options in one column without overflow and use concise option labels (809ms)

  ✓  195 [chromium] › __tests__/e2e/start-run-form.test.ts:7:1 › StartRunForm exposes keyboard disclosure, renders execution plan preview, and enforces unrestricted network acknowledgement (694ms)

  ✓  196 [chromium] › __tests__/e2e/start-run-form.test.ts:130:1 › StartRunForm default workflow run submits with a matching plan digest (760ms)

  ✓  197 [chromium] › __tests__/e2e/topbar-connection.e2e.test.ts:13:1 › TopBar connection panel applies credentials explicitly and supports keyboard control (1.0s)

  ✓  198 [chromium] › __tests__/e2e/topbar-connection.e2e.test.ts:71:1 › credential status resolves before a delayed provider probe (353ms)

  ✓  199 [chromium] › __tests__/e2e/topbar-connection.e2e.test.ts:125:1 › provider RPC failure does not downgrade valid credentials (286ms)

  ✓  200 [chromium] › __tests__/e2e/topbar-connection.e2e.test.ts:159:1 › token scope change hides old provider state before the new probe resolves (415ms)

  ✓  201 [chromium] › __tests__/e2e/topbar-connection.e2e.test.ts:243:1 › provider expiry triggers one refresh, preserves prior check time on error, and explicitly retries (416ms)

  ✓  202 [chromium] › __tests__/e2e/topbar-connection.e2e.test.ts:308:3 › real AuthProvider A→B→A fences late success and completes each current query (605ms)

  ✓  203 [chromium] › __tests__/e2e/topbar-connection.e2e.test.ts:308:3 › real AuthProvider A→B→A fences late error and completes each current query (594ms)


  1) [chromium] › __tests__/e2e/create-pr-approval.test.ts:179:3 › Create PR requires explicit confirmation › fake gh is only invoked after explicit confirmation, never before 

    Error: run run_b0dc76d8-3034-4e24-8daa-836197765e0a did not reach passed within 20s

      107 |     }
      108 |     if (Date.now() >= deadline) {
    > 109 |       throw new Error(`run ${runId} did not reach passed within 20s`);
          |             ^
      110 |     }
      111 |     await new Promise((resolve) => setTimeout(resolve, 100));
      112 |   }
        at startAndPrepareRun (/Users/zesming/Projects/tekon/packages/web/__tests__/e2e/create-pr-approval.test.ts:109:13)
        at /Users/zesming/Projects/tekon/packages/web/__tests__/e2e/create-pr-approval.test.ts:186:19

    Error Context: test-results/create-pr-approval-Create--86abd-t-confirmation-never-before-chromium/error-context.md

    attachment #2: trace (application/zip) ─────────────────────────────────────────────────────────
    test-results/create-pr-approval-Create--86abd-t-confirmation-never-before-chromium/trace.zip
    Usage:

        pnpm exec playwright show-trace test-results/create-pr-approval-Create--86abd-t-confirmation-never-before-chromium/trace.zip

    ────────────────────────────────────────────────────────────────────────────────────────────────

    Retry #1 ───────────────────────────────────────────────────────────────────────────────────────

    Error: run run_0f63f288-f6f9-4737-ad9a-58d4a2bb34a8 did not reach passed within 20s

      107 |     }
      108 |     if (Date.now() >= deadline) {
    > 109 |       throw new Error(`run ${runId} did not reach passed within 20s`);
          |             ^
      110 |     }
      111 |     await new Promise((resolve) => setTimeout(resolve, 100));
      112 |   }
        at startAndPrepareRun (/Users/zesming/Projects/tekon/packages/web/__tests__/e2e/create-pr-approval.test.ts:109:13)
        at /Users/zesming/Projects/tekon/packages/web/__tests__/e2e/create-pr-approval.test.ts:186:19

    Error Context: test-results/create-pr-approval-Create--86abd-t-confirmation-never-before-chromium-retry1/error-context.md

    attachment #2: trace (application/zip) ─────────────────────────────────────────────────────────
    test-results/create-pr-approval-Create--86abd-t-confirmation-never-before-chromium-retry1/trace.zip
    Usage:

        pnpm exec playwright show-trace test-results/create-pr-approval-Create--86abd-t-confirmation-never-before-chromium-retry1/trace.zip

    ────────────────────────────────────────────────────────────────────────────────────────────────

  1 failed
    [chromium] › __tests__/e2e/create-pr-approval.test.ts:179:3 › Create PR requires explicit confirmation › fake gh is only invoked after explicit confirmation, never before 
  201 passed (6.9m)
/Users/zesming/Projects/tekon/packages/web:
 ERR_PNPM_RECURSIVE_RUN_FIRST_FAIL  @tekon/web@0.25.1 test:e2e: `vite build && playwright test`
Exit status 1
